// Jest Snapshot v1, https://goo.gl/fbAQLP

exports[`withReviewsForm_snapchots withReviewsForm_is_rendered_correctly 1`] = `<div />`;
