// Jest Snapshot v1, https://goo.gl/fbAQLP

exports[`CityMap_snapchots with_data 1`] = `
<section
  className="cities__map map"
/>
`;
