// Jest Snapshot v1, https://goo.gl/fbAQLP

exports[`WithPlacesSorting_snapchots WithPlacesSorting_is_rendered_correctly 1`] = `<div />`;
