// Jest Snapshot v1, https://goo.gl/fbAQLP

exports[`ErrMessage_snapchots ErrMessage_with_data 1`] = `
<div
  className="err-message"
  style={
    Object {
      "color": "red",
      "margin": "10px auto",
      "padding": "0 60px",
      "textAlign": "center",
    }
  }
>
  abcd
</div>
`;
